Archive member included to satisfy reference by file (symbol)

Drivers/stm32h7xx-hal-driver/libstm32h7xx_hal_driver.a(stm32h7xx_hal.c.obj)
                              CMakeFiles/FIRMWARE.elf.dir/Targets/DM-MC02_-_keil/Core/Src/stm32h7xx_hal_timebase_tim.c.obj (uwTickPrio)
Drivers/stm32h7xx-hal-driver/libstm32h7xx_hal_driver.a(stm32h7xx_hal_adc_ex.c.obj)
                              CMakeFiles/FIRMWARE.elf.dir/Targets/DM-MC02_-_keil/Core/Src/adc.c.obj (HAL_ADCEx_MultiModeConfigChannel)
Drivers/stm32h7xx-hal-driver/libstm32h7xx_hal_driver.a(stm32h7xx_hal_adc.c.obj)
                              Drivers/stm32h7xx-hal-driver/libstm32h7xx_hal_driver.a(stm32h7xx_hal_adc_ex.c.obj) (ADC_DMAHalfConvCplt)
Drivers/stm32h7xx-hal-driver/libstm32h7xx_hal_driver.a(stm32h7xx_hal_cortex.c.obj)
                              Drivers/stm32h7xx-hal-driver/libstm32h7xx_hal_driver.a(stm32h7xx_hal.c.obj) (HAL_NVIC_SetPriorityGrouping)
Drivers/stm32h7xx-hal-driver/libstm32h7xx_hal_driver.a(stm32h7xx_hal_crc.c.obj)
                              CMakeFiles/FIRMWARE.elf.dir/Targets/DM-MC02_-_keil/Core/Src/crc.c.obj (HAL_CRC_Init)
Drivers/stm32h7xx-hal-driver/libstm32h7xx_hal_driver.a(stm32h7xx_hal_dma.c.obj)
                              CMakeFiles/FIRMWARE.elf.dir/Targets/DM-MC02_-_keil/Core/Src/adc.c.obj (HAL_DMA_Init)
Drivers/stm32h7xx-hal-driver/libstm32h7xx_hal_driver.a(stm32h7xx_hal_fdcan.c.obj)
                              CMakeFiles/FIRMWARE.elf.dir/Targets/DM-MC02_-_keil/Core/Src/fdcan.c.obj (HAL_FDCAN_Init)
Drivers/stm32h7xx-hal-driver/libstm32h7xx_hal_driver.a(stm32h7xx_hal_gpio.c.obj)
                              CMakeFiles/FIRMWARE.elf.dir/Targets/DM-MC02_-_keil/Core/Src/adc.c.obj (HAL_GPIO_Init)
Drivers/stm32h7xx-hal-driver/libstm32h7xx_hal_driver.a(stm32h7xx_hal_iwdg.c.obj)
                              CMakeFiles/FIRMWARE.elf.dir/Targets/DM-MC02_-_keil/Core/Src/iwdg.c.obj (HAL_IWDG_Init)
Drivers/stm32h7xx-hal-driver/libstm32h7xx_hal_driver.a(stm32h7xx_hal_ospi.c.obj)
                              CMakeFiles/FIRMWARE.elf.dir/Targets/DM-MC02_-_keil/Core/Src/octospi.c.obj (HAL_OSPI_Init)
Drivers/stm32h7xx-hal-driver/libstm32h7xx_hal_driver.a(stm32h7xx_hal_pcd.c.obj)
                              CMakeFiles/FIRMWARE.elf.dir/Targets/DM-MC02_-_keil/Core/Src/usb_otg.c.obj (HAL_PCD_Init)
Drivers/stm32h7xx-hal-driver/libstm32h7xx_hal_driver.a(stm32h7xx_hal_pwr_ex.c.obj)
                              CMakeFiles/FIRMWARE.elf.dir/Targets/DM-MC02_-_keil/Core/Src/main.c.obj (HAL_PWREx_ConfigSupply)
Drivers/stm32h7xx-hal-driver/libstm32h7xx_hal_driver.a(stm32h7xx_hal_pwr.c.obj)
                              Drivers/stm32h7xx-hal-driver/libstm32h7xx_hal_driver.a(stm32h7xx_hal_pwr_ex.c.obj) (HAL_PWR_PVDCallback)
Drivers/stm32h7xx-hal-driver/libstm32h7xx_hal_driver.a(stm32h7xx_hal_rcc_ex.c.obj)
                              CMakeFiles/FIRMWARE.elf.dir/Targets/DM-MC02_-_keil/Core/Src/main.c.obj (HAL_RCCEx_PeriphCLKConfig)
Drivers/stm32h7xx-hal-driver/libstm32h7xx_hal_driver.a(stm32h7xx_hal_rcc.c.obj)
                              CMakeFiles/FIRMWARE.elf.dir/Targets/DM-MC02_-_keil/Core/Src/main.c.obj (HAL_RCC_OscConfig)
Drivers/stm32h7xx-hal-driver/libstm32h7xx_hal_driver.a(stm32h7xx_hal_spi.c.obj)
                              CMakeFiles/FIRMWARE.elf.dir/Targets/DM-MC02_-_keil/Core/Src/spi.c.obj (HAL_SPI_Init)
Drivers/stm32h7xx-hal-driver/libstm32h7xx_hal_driver.a(stm32h7xx_hal_tim_ex.c.obj)
                              CMakeFiles/FIRMWARE.elf.dir/Targets/DM-MC02_-_keil/Core/Src/tim.c.obj (HAL_TIMEx_MasterConfigSynchronization)
Drivers/stm32h7xx-hal-driver/libstm32h7xx_hal_driver.a(stm32h7xx_hal_tim.c.obj)
                              CMakeFiles/FIRMWARE.elf.dir/Targets/DM-MC02_-_keil/Core/Src/stm32h7xx_hal_timebase_tim.c.obj (HAL_TIM_Base_Init)
Drivers/stm32h7xx-hal-driver/libstm32h7xx_hal_driver.a(stm32h7xx_hal_uart_ex.c.obj)
                              CMakeFiles/FIRMWARE.elf.dir/Targets/DM-MC02_-_keil/Core/Src/usart.c.obj (HAL_RS485Ex_Init)
Drivers/stm32h7xx-hal-driver/libstm32h7xx_hal_driver.a(stm32h7xx_hal_uart.c.obj)
                              CMakeFiles/FIRMWARE.elf.dir/Applications/Interface/inf_uart.cpp.obj (HAL_UART_Transmit)
Drivers/stm32h7xx-hal-driver/libstm32h7xx_hal_driver.a(stm32h7xx_ll_usb.c.obj)
                              Drivers/stm32h7xx-hal-driver/libstm32h7xx_hal_driver.a(stm32h7xx_hal_pcd.c.obj) (USB_CoreInit)
Drivers/stm32h7xx-hal-driver/libstm32h7xx_hal_driver.a(stm32h7xx_hal_mdma.c.obj)
                              Drivers/stm32h7xx-hal-driver/libstm32h7xx_hal_driver.a(stm32h7xx_hal_ospi.c.obj) (HAL_MDMA_Start_IT)
Drivers/stm32h7xx-hal-driver/libstm32h7xx_hal_driver.a(stm32h7xx_hal_pcd_ex.c.obj)
                              Drivers/stm32h7xx-hal-driver/libstm32h7xx_hal_driver.a(stm32h7xx_hal_pcd.c.obj) (HAL_PCDEx_ActivateLPM)
Middlewares/FreeRTOS-Kernel/libfreertos_kernel.a(tasks.c.obj)
[...]
Memory Configuration

Name             Origin             Length             Attributes
ITCMRAM          0x00000000         0x00010000         xrw
DTCMRAM          0x20000000         0x00020000         xrw
RAM_D1           0x24000000         0x00050000         xrw
RAM_D2           0x30000000         0x00008000         xrw
RAM_D3           0x38000000         0x00004000         xrw
FLASH            0x08000000         0x00100000         xr
*default*        0x00000000         0xffffffff

Linker script and memory map

LOAD D:/0_Environment/arm-gnu-toolchain-13.3.rel1-mingw-w64-i686-arm-none-eabi/bin/../lib/gcc/arm-none-eabi/13.3.1/thumb/v7e-m+dp/hard/crti.o
LOAD D:/0_Environment/arm-gnu-toolchain-13.3.rel1-mingw-w64-i686-arm-none-eabi/bin/../lib/gcc/arm-none-eabi/13.3.1/thumb/v7e-m+dp/hard/crtbegin.o
LOAD D:/0_Environment/arm-gnu-toolchain-13.3.rel1-mingw-w64-i686-arm-none-eabi/bin/../lib/gcc/arm-none-eabi/13.3.1/thumb/v7e-m+dp/hard/crt0.o
LOAD CMakeFiles/FIRMWARE.elf.dir/Targets/DM-MC02_-_keil/BSP/FreeRTOSConfig.c.obj
LOAD CMakeFiles/FIRMWARE.elf.dir/Targets/DM-MC02_-_keil/BSP/startup.cpp.obj
LOAD CMakeFiles/FIRMWARE.elf.dir/Targets/DM-MC02_-_keil/Core/Src/adc.c.obj
LOAD CMakeFiles/FIRMWARE.elf.dir/Targets/DM-MC02_-_keil/Core/Src/crc.c.obj
LOAD CMakeFiles/FIRMWARE.elf.dir/Targets/DM-MC02_-_keil/Core/Src/dma.c.obj
LOAD CMakeFiles/FIRMWARE.elf.dir/Targets/DM-MC02_-_keil/Core/Src/fdcan.c.obj
LOAD CMakeFiles/FIRMWARE.elf.dir/Targets/DM-MC02_-_keil/Core/Src/gpio.c.obj
LOAD CMakeFiles/FIRMWARE.elf.dir/Targets/DM-MC02_-_keil/Core/Src/iwdg.c.obj
LOAD CMakeFiles/FIRMWARE.elf.dir/Targets/DM-MC02_-_keil/Core/Src/main.c.obj
LOAD CMakeFiles/FIRMWARE.elf.dir/Targets/DM-MC02_-_keil/Core/Src/octospi.c.obj
LOAD CMakeFiles/FIRMWARE.elf.dir/Targets/DM-MC02_-_keil/Core/Src/spi.c.obj
LOAD CMakeFiles/FIRMWARE.elf.dir/Targets/DM-MC02_-_keil/Core/Src/stm32h7xx_hal_msp.c.obj
LOAD CMakeFiles/FIRMWARE.elf.dir/Targets/DM-MC02_-_keil/Core/Src/stm32h7xx_hal_timebase_tim.c.obj
LOAD CMakeFiles/FIRMWARE.elf.dir/Targets/DM-MC02_-_keil/Core/Src/stm32h7xx_it.c.obj
LOAD CMakeFiles/FIRMWARE.elf.dir/Targets/DM-MC02_-_keil/Core/Src/system_stm32h7xx.c.obj
LOAD CMakeFiles/FIRMWARE.elf.dir/Targets/DM-MC02_-_keil/Core/Src/tim.c.obj
LOAD CMakeFiles/FIRMWARE.elf.dir/Targets/DM-MC02_-_keil/Core/Src/usart.c.obj
LOAD CMakeFiles/FIRMWARE.elf.dir/Targets/DM-MC02_-_keil/Core/Src/usb_otg.c.obj
LOAD CMakeFiles/FIRMWARE.elf.dir/Applications/Configuration/Configuration.cpp.obj
LOAD CMakeFiles/FIRMWARE.elf.dir/Applications/Configuration/conf_CanTxNode.cpp.obj
LOAD CMakeFiles/FIRMWARE.elf.dir/Applications/Configuration/conf_device.cpp.obj
LOAD CMakeFiles/FIRMWARE.elf.dir/Applications/Configuration/conf_interface.cpp.obj
LOAD CMakeFiles/FIRMWARE.elf.dir/Applications/Configuration/conf_module.cpp.obj
LOAD CMakeFiles/FIRMWARE.elf.dir/Applications/Configuration/conf_process.cpp.obj
LOAD CMakeFiles/FIRMWARE.elf.dir/Applications/Algorithm/algo_crc.cpp.obj
LOAD CMakeFiles/FIRMWARE.elf.dir/Applications/Algorithm/algo_pid.cpp.obj
LOAD CMakeFiles/FIRMWARE.elf.dir/Applications/Interface/Interface.cpp.obj
LOAD CMakeFiles/FIRMWARE.elf.dir/Applications/Interface/inf_can.cpp.obj
LOAD CMakeFiles/FIRMWARE.elf.dir/Applications/Interface/inf_spi.cpp.obj
LOAD CMakeFiles/FIRMWARE.elf.dir/Applications/Interface/inf_uart.cpp.obj
LOAD CMakeFiles/FIRMWARE.elf.dir/Applications/Device/Device.cpp.obj
LOAD CMakeFiles/FIRMWARE.elf.dir/Applications/Device/MEMS/mems.cpp.obj
LOAD CMakeFiles/FIRMWARE.elf.dir/Applications/Device/MEMS/mems_bmi088.cpp.obj
LOAD CMakeFiles/FIRMWARE.elf.dir/Applications/Device/MTR/motor.cpp.obj
LOAD CMakeFiles/FIRMWARE.elf.dir/Applications/Device/MTR/mtr_dji.cpp.obj
LOAD CMakeFiles/FIRMWARE.elf.dir/Applications/Device/MTR/mtr_dm.cpp.obj
LOAD CMakeFiles/FIRMWARE.elf.dir/Applications/Device/MTR/mtr_kt.cpp.obj
LOAD CMakeFiles/FIRMWARE.elf.dir/Applications/Device/RC/rc_dr16.cpp.obj
LOAD CMakeFiles/FIRMWARE.elf.dir/Applications/Device/RC/remote.cpp.obj
LOAD CMakeFiles/FIRMWARE.elf.dir/Applications/Device/dev_board_link.cpp.obj
LOAD CMakeFiles/FIRMWARE.elf.dir/Applications/Module/Chassis/com_wheelset.cpp.obj
LOAD CMakeFiles/FIRMWARE.elf.dir/Applications/Module/Chassis/mod_chassis.cpp.obj
LOAD CMakeFiles/FIRMWARE.elf.dir/Applications/Module/Chassis/proc_chassis.cpp.obj
LOAD CMakeFiles/FIRMWARE.elf.dir/Applications/Module/Gantry/com_end.cpp.obj
LOAD CMakeFiles/FIRMWARE.elf.dir/Applications/Module/Gantry/com_joint.cpp.obj
LOAD CMakeFiles/FIRMWARE.elf.dir/Applications/Module/Gantry/com_lift.cpp.obj
LOAD CMakeFiles/FIRMWARE.elf.dir/Applications/Module/Gantry/com_pump.cpp.obj
LOAD CMakeFiles/FIRMWARE.elf.dir/Applications/Module/Gantry/com_stretch.cpp.obj
LOAD CMakeFiles/FIRMWARE.elf.dir/Applications/Module/Gantry/com_traverse.cpp.obj
LOAD CMakeFiles/FIRMWARE.elf.dir/Applications/Module/Gantry/mod_gantry.cpp.obj
LOAD CMakeFiles/FIRMWARE.elf.dir/Applications/Module/Gantry/proc_gantry.cpp.obj
LOAD CMakeFiles/FIRMWARE.elf.dir/Applications/Module/Gimbal/com_lift.cpp.obj
LOAD CMakeFiles/FIRMWARE.elf.dir/Applications/Module/Gimbal/com_pitch.cpp.obj
LOAD CMakeFiles/FIRMWARE.elf.dir/Applications/Module/Gimbal/mod_gimbal.cpp.obj
LOAD CMakeFiles/FIRMWARE.elf.dir/Applications/Module/Gimbal/proc_gimbal.cpp.obj
LOAD CMakeFiles/FIRMWARE.elf.dir/Applications/Module/Mantis/com_foreleg.cpp.obj
LOAD CMakeFiles/FIRMWARE.elf.dir/Applications/Module/Mantis/com_hindleg.cpp.obj
LOAD CMakeFiles/FIRMWARE.elf.dir/Applications/Module/Mantis/com_midleg.cpp.obj
LOAD CMakeFiles/FIRMWARE.elf.dir/Applications/Module/Mantis/mod_mantis.cpp.obj
LOAD CMakeFiles/FIRMWARE.elf.dir/Applications/Module/Mantis/proc_mantis.cpp.obj
LOAD CMakeFiles/FIRMWARE.elf.dir/Applications/Module/Module.cpp.obj
LOAD CMakeFiles/FIRMWARE.elf.dir/Applications/Module/SubGantry/com_end.cpp.obj
LOAD CMakeFiles/FIRMWARE.elf.dir/Applications/Module/SubGantry/com_lift.cpp.obj
LOAD CMakeFiles/FIRMWARE.elf.dir/Applications/Module/SubGantry/com_pump.cpp.obj
LOAD CMakeFiles/FIRMWARE.elf.dir/Applications/Module/SubGantry/com_stretch.cpp.obj
LOAD CMakeFiles/FIRMWARE.elf.dir/Applications/Module/SubGantry/com_traver.cpp.obj
LOAD CMakeFiles/FIRMWARE.elf.dir/Applications/Module/SubGantry/mod_subgantry.cpp.obj
LOAD CMakeFiles/FIRMWARE.elf.dir/Applications/Module/SubGantry/proc_subgantry.cpp.obj
LOAD CMakeFiles/FIRMWARE.elf.dir/Applications/System/Core/Core.cpp.obj
LOAD CMakeFiles/FIRMWARE.elf.dir/Applications/System/Tasks/sys_task.cpp.obj
LOAD Drivers/CMSIS/DSP/Source/libCMSISDSP.a
LOAD Drivers/stm32h7xx-hal-driver/libstm32h7xx_hal_driver.a
LOAD Drivers/BMI08x_SensorAPI/libBMI08x_SensorAPI.a
LOAD Middlewares/FreeRTOS-Kernel/libfreertos_kernel.a
LOAD Middlewares/FreeRTOS-Kernel/portable/libfreertos_kernel_port.a
LOAD Middlewares/FreeRTOS-Kernel/libfreertos_kernel.a
LOAD Middlewares/FreeRTOS-Kernel/portable/libfreertos_kernel_port.a
LOAD D:/0_Environment/arm-gnu-toolchain-13.3.rel1-mingw-w64-i686-arm-none-eabi/bin/../lib/gcc/arm-none-eabi/13.3.1/thumb/v7e-m+dp/hard\libstdc++_nano.a
LOAD D:/0_Environment/arm-gnu-toolchain-13.3.rel1-mingw-w64-i686-arm-none-eabi/bin/../lib/gcc/arm-none-eabi/13.3.1/thumb/v7e-m+dp/hard\libm.a
START GROUP
LOAD D:/0_Environment/arm-gnu-toolchain-13.3.rel1-mingw-w64-i686-arm-none-eabi/bin/../lib/gcc/arm-none-eabi/13.3.1/thumb/v7e-m+dp/hard\libgcc.a
LOAD D:/0_Environment/arm-gnu-toolchain-13.3.rel1-mingw-w64-i686-arm-none-eabi/bin/../lib/gcc/arm-none-eabi/13.3.1/thumb/v7e-m+dp/hard\libc_nano.a
END GROUP
START GROUP
LOAD D:/0_Environment/arm-gnu-toolchain-13.3.rel1-mingw-w64-i686-arm-none-eabi/bin/../lib/gcc/arm-none-eabi/13.3.1/thumb/v7e-m+dp/hard\libgcc.a
LOAD D:/0_Environment/arm-gnu-toolchain-13.3.rel1-mingw-w64-i686-arm-none-eabi/bin/../lib/gcc/arm-none-eabi/13.3.1/thumb/v7e-m+dp/hard\libc_nano.a
END GROUP
LOAD D:/0_Environment/arm-gnu-toolchain-13.3.rel1-mingw-w64-i686-arm-none-eabi/bin/../lib/gcc/arm-none-eabi/13.3.1/thumb/v7e-m+dp/hard/crtend.o
LOAD D:/0_Environment/arm-gnu-toolchain-13.3.rel1-mingw-w64-i686-arm-none-eabi/bin/../lib/gcc/arm-none-eabi/13.3.1/thumb/v7e-m+dp/hard/crtn.o
                0x24050000                        _estack = (ORIGIN (RAM_D1) + LENGTH (RAM_D1))
                0x00000200                        _Min_Heap_Size = 0x200
                0x00000400                        _Min_Stack_Size = 0x400

.isr_vector     0x08000000        0x0
                0x08000000                        . = ALIGN (0x4)
 *(.isr_vector)
                0x08000000                        . = ALIGN (0x4)

.text           0x08000000     0x1200
                0x08000000                        . = ALIGN (0x4)
 *(.text)
 *(.text*)
 .text.deregister_tm_clones
                0x08000000       0x1c D:/0_Environment/arm-gnu-toolchain-13.3.rel1-mingw-w64-i686-arm-none-eabi/bin/../lib/gcc/arm-none-eabi/13.3.1/thumb/v7e-m+dp/hard/crtbegin.o
 .text.register_tm_clones
                0x0800001c       0x24 D:/0_Environment/arm-gnu-toolchain-13.3.rel1-mingw-w64-i686-arm-none-eabi/bin/../lib/gcc/arm-none-eabi/13.3.1/thumb/v7e-m+dp/hard/crtbegin.o
 .text.__do_global_dtors_aux
                0x08000040       0x28 D:/0_Environment/arm-gnu-toolchain-13.3.rel1-mingw-w64-i686-arm-none-eabi/bin/../lib/gcc/arm-none-eabi/13.3.1/thumb/v7e-m+dp/hard/crtbegin.o
 .text.frame_dummy
                0x08000068       0x24 D:/0_Environment/arm-gnu-toolchain-13.3.rel1-mingw-w64-i686-arm-none-eabi/bin/../lib/gcc/arm-none-eabi/13.3.1/thumb/v7e-m+dp/hard/crtbegin.o
 .text._ZN11my_engineer7CInfCAN10CCanTxNodeD2Ev
                0x0800008c       0x14 CMakeFiles/FIRMWARE.elf.dir/Applications/Configuration/conf_CanTxNode.cpp.obj
                0x0800008c                my_engineer::CInfCAN::CCanTxNode::~CCanTxNode()
                0x0800008c                my_engineer::CInfCAN::CCanTxNode::~CCanTxNode()
 .text.startup._GLOBAL__sub_I__ZN11my_engineer15TxNode_Can1_200E
                0x080000a0      0x12c CMakeFiles/FIRMWARE.elf.dir/Applications/Configuration/conf_CanTxNode.cpp.obj
 .text._ZNSt8_Rb_treeIN11my_engineer12EInterfaceIDESt4pairIKS1_PNS0_8CInfBaseEESt10_Select1stIS6_ESt4lessIS1_ESaIS6_EE8_M_eraseEPSt13_Rb_tree_nodeIS6_E.isra.0
                0x080001cc       0xf0 CMakeFiles/FIRMWARE.elf.dir/Applications/Interface/Interface.cpp.obj
 .text._ZNSt3mapIN11my_engineer12EInterfaceIDEPNS0_8CInfBaseESt4lessIS1_ESaISt4pairIKS1_S3_EEED2Ev
                0x080002bc       0x20 CMakeFiles/FIRMWARE.elf.dir/Applications/Interface/Interface.cpp.obj
                0x080002bc                std::map<my_engineer::EInterfaceID, my_engineer::CInfBase*, std::less<my_engineer::EInterfaceID>, std::allocator<std::pair<my_engineer::EInterfaceID const, my_engineer::CInfBase*> > >::~map()
                0x080002bc                std::map<my_engineer::EInterfaceID, my_engineer::CInfBase*, std::less<my_engineer::EInterfaceID>, std::allocator<std::pair<my_engineer::EInterfaceID const, my_engineer::CInfBase*> > >::~map()
 .text.startup._GLOBAL__sub_I__ZN11my_engineer14InterfaceIDMapE
                0x080002dc       0x2c CMakeFiles/FIRMWARE.elf.dir/Applications/Interface/Interface.cpp.obj
 .text._ZNSt8_Rb_treeIP19FDCAN_HandleTypeDefSt4pairIKS1_PN11my_engineer7CInfCANEESt10_Select1stIS7_ESt4lessIS1_ESaIS7_EE8_M_eraseEPSt13_Rb_tree_nodeIS7_E.isra.0
                0x08000308       0xf0 CMakeFiles/FIRMWARE.elf.dir/Applications/Interface/inf_can.cpp.obj
 .text._ZNSt3mapIP19FDCAN_HandleTypeDefPN11my_engineer7CInfCANESt4lessIS1_ESaISt4pairIKS1_S4_EEED2Ev
                0x080003f8       0x20 CMakeFiles/FIRMWARE.elf.dir/Applications/Interface/inf_can.cpp.obj
                0x080003f8                std::map<FDCAN_HandleTypeDef*, my_engineer::CInfCAN*, std::less<FDCAN_HandleTypeDef*>, std::allocator<std::pair<FDCAN_HandleTypeDef* const, my_engineer::CInfCAN*> > >::~map()
                0x080003f8                std::map<FDCAN_HandleTypeDef*, my_engineer::CInfCAN*, std::less<FDCAN_HandleTypeDef*>, std::allocator<std::pair<FDCAN_HandleTypeDef* const, my_engineer::CInfCAN*> > >::~map()
 .text.startup._GLOBAL__sub_I__ZN11my_engineer12CanHandleMapE
                0x08000418       0x2c CMakeFiles/FIRMWARE.elf.dir/Applications/Interface/inf_can.cpp.obj
 .text._ZNSt8_Rb_treeIP19__SPI_HandleTypeDefSt4pairIKS1_PN11my_engineer7CInfSPIEESt10_Select1stIS7_ESt4lessIS1_ESaIS7_EE8_M_eraseEPSt13_Rb_tree_nodeIS7_E.isra.0
                0x08000444       0xf0 CMakeFiles/FIRMWARE.elf.dir/Applications/Interface/inf_spi.cpp.obj
 .text._ZNSt3mapIP19__SPI_HandleTypeDefPN11my_engineer7CInfSPIESt4lessIS1_ESaISt4pairIKS1_S4_EEED2Ev
                0x08000534       0x20 CMakeFiles/FIRMWARE.elf.dir/Applications/Interface/inf_spi.cpp.obj
                0x08000534                std::map<__SPI_HandleTypeDef*, my_engineer::CInfSPI*, std::less<__SPI_HandleTypeDef*>, std::allocator<std::pair<__SPI_HandleTypeDef* const, my_engineer::CInfSPI*> > >::~map()
                0x08000534                std::map<__SPI_HandleTypeDef*, my_engineer::CInfSPI*, std::less<__SPI_HandleTypeDef*>, std::allocator<std::pair<__SPI_HandleTypeDef* const, my_engineer::CInfSPI*> > >::~map()
 .text.startup._GLOBAL__sub_I__ZN11my_engineer12SpiHandleMapE
                0x08000554       0x2c CMakeFiles/FIRMWARE.elf.dir/Applications/Interface/inf_spi.cpp.obj
 .text._ZNSt8_Rb_treeIP20__UART_HandleTypeDefSt4pairIKS1_PN11my_engineer8CInfUARTEESt10_Select1stIS7_ESt4lessIS1_ESaIS7_EE8_M_eraseEPSt13_Rb_tree_nodeIS7_E.isra.0
                0x08000580       0xf0 CMakeFiles/FIRMWARE.elf.dir/Applications/Interface/inf_uart.cpp.obj
 .text._ZNSt3mapIP20__UART_HandleTypeDefPN11my_engineer8CInfUARTESt4lessIS1_ESaISt4pairIKS1_S4_EEED2Ev
                0x08000670       0x20 CMakeFiles/FIRMWARE.elf.dir/Applications/Interface/inf_uart.cpp.obj
                0x08000670                std::map<__UART_HandleTypeDef*, my_engineer::CInfUART*, std::less<__UART_HandleTypeDef*>, std::allocator<std::pair<__UART_HandleTypeDef* const, my_engineer::CInfUART*> > >::~map()
                0x08000670                std::map<__UART_HandleTypeDef*, my_engineer::CInfUART*, std::less<__UART_HandleTypeDef*>, std::allocator<std::pair<__UART_HandleTypeDef* const, my_engineer::CInfUART*> > >::~map()
 .text.startup._GLOBAL__sub_I__ZN11my_engineer13UartHandleMapE
                0x08000690       0x2c CMakeFiles/FIRMWARE.elf.dir/Applications/Interface/inf_uart.cpp.obj
 .text._ZNSt8_Rb_treeIN11my_engineer9EDeviceIDESt4pairIKS1_PNS0_8CDevBaseEESt10_Select1stIS6_ESt4lessIS1_ESaIS6_EE8_M_eraseEPSt13_Rb_tree_nodeIS6_E.isra.0
                0x080006bc       0xf0 CMakeFiles/FIRMWARE.elf.dir/Applications/Device/Device.cpp.obj
 .text._ZNSt3mapIN11my_engineer9EDeviceIDEPNS0_8CDevBaseESt4lessIS1_ESaISt4pairIKS1_S3_EEED2Ev
                0x080007ac       0x20 CMakeFiles/FIRMWARE.elf.dir/Applications/Device/Device.cpp.obj
                0x080007ac                std::map<my_engineer::EDeviceID, my_engineer::CDevBase*, std::less<my_engineer::EDeviceID>, std::allocator<std::pair<my_engineer::EDeviceID const, my_engineer::CDevBase*> > >::~map()
                0x080007ac                std::map<my_engineer::EDeviceID, my_engineer::CDevBase*, std::less<my_engineer::EDeviceID>, std::allocator<std::pair<my_engineer::EDeviceID const, my_engineer::CDevBase*> > >::~map()
 .text.startup._GLOBAL__sub_I__ZN11my_engineer11DeviceIDMapE
                0x080007cc       0x2c CMakeFiles/FIRMWARE.elf.dir/Applications/Device/Device.cpp.obj
 .text._ZNSt8_Rb_treeIN11my_engineer9EDeviceIDESt4pairIKS1_PNS0_9CMemsBaseEESt10_Select1stIS6_ESt4lessIS1_ESaIS6_EE8_M_eraseEPSt13_Rb_tree_nodeIS6_E.isra.0
                0x080007f8       0xf0 CMakeFiles/FIRMWARE.elf.dir/Applications/Device/MEMS/mems.cpp.obj
 .text._ZNSt3mapIN11my_engineer9EDeviceIDEPNS0_9CMemsBaseESt4lessIS1_ESaISt4pairIKS1_S3_EEED2Ev
                0x080008e8       0x20 CMakeFiles/FIRMWARE.elf.dir/Applications/Device/MEMS/mems.cpp.obj
                0x080008e8                std::map<my_engineer::EDeviceID, my_engineer::CMemsBase*, std::less<my_engineer::EDeviceID>, std::allocator<std::pair<my_engineer::EDeviceID const, my_engineer::CMemsBase*> > >::~map()
                0x080008e8                std::map<my_engineer::EDeviceID, my_engineer::CMemsBase*, std::less<my_engineer::EDeviceID>, std::allocator<std::pair<my_engineer::EDeviceID const, my_engineer::CMemsBase*> > >::~map()
 .text.startup._GLOBAL__sub_I__ZN11my_engineer9MemsIDMapE
                0x08000908       0x2c CMakeFiles/FIRMWARE.elf.dir/Applications/Device/MEMS/mems.cpp.obj
 .text._ZNSt8_Rb_treeIN11my_engineer9EDeviceIDESt4pairIKS1_PNS0_7CDevMtrEESt10_Select1stIS6_ESt4lessIS1_ESaIS6_EE8_M_eraseEPSt13_Rb_tree_nodeIS6_E.isra.0
                0x08000934       0xf0 CMakeFiles/FIRMWARE.elf.dir/Applications/Device/MTR/motor.cpp.obj
 .text._ZNSt3mapIN11my_engineer9EDeviceIDEPNS0_7CDevMtrESt4lessIS1_ESaISt4pairIKS1_S3_EEED2Ev
                0x08000a24       0x20 CMakeFiles/FIRMWARE.elf.dir/Applications/Device/MTR/motor.cpp.obj
                0x08000a24                std::map<my_engineer::EDeviceID, my_engineer::CDevMtr*, std::less<my_engineer::EDeviceID>, std::allocator<std::pair<my_engineer::EDeviceID const, my_engineer::CDevMtr*> > >::~map()
                0x08000a24                std::map<my_engineer::EDeviceID, my_engineer::CDevMtr*, std::less<my_engineer::EDeviceID>, std::allocator<std::pair<my_engineer::EDeviceID const, my_engineer::CDevMtr*> > >::~map()
 .text.startup._GLOBAL__sub_I__ZN11my_engineer10MotorIDMapE
                0x08000a44       0x2c CMakeFiles/FIRMWARE.elf.dir/Applications/Device/MTR/motor.cpp.obj
 .text._ZNSt8_Rb_treeIN11my_engineer9EModuleIDESt4pairIKS1_PNS0_8CModBaseEESt10_Select1stIS6_ESt4lessIS1_ESaIS6_EE8_M_eraseEPSt13_Rb_tree_nodeIS6_E.isra.0
                0x08000a70       0xf0 CMakeFiles/FIRMWARE.elf.dir/Applications/Module/Module.cpp.obj
 .text._ZNSt3mapIN11my_engineer9EModuleIDEPNS0_8CModBaseESt4lessIS1_ESaISt4pairIKS1_S3_EEED2Ev
                0x08000b60       0x20 CMakeFiles/FIRMWARE.elf.dir/Applications/Module/Module.cpp.obj
                0x08000b60                std::map<my_engineer::EModuleID, my_engineer::CModBase*, std::less<my_engineer::EModuleID>, std::allocator<std::pair<my_engineer::EModuleID const, my_engineer::CModBase*> > >::~map()
                0x08000b60                std::map<my_engineer::EModuleID, my_engineer::CModBase*, std::less<my_engineer::EModuleID>, std::allocator<std::pair<my_engineer::EModuleID const, my_engineer::CModBase*> > >::~map()
 .text.startup._GLOBAL__sub_I__ZN11my_engineer11ModuleIDMapE
                0x08000b80       0x2c CMakeFiles/FIRMWARE.elf.dir/Applications/Module/Module.cpp.obj
 .text.__aeabi_atexit
                0x08000bac        0xa D:/0_Environment/arm-gnu-toolchain-13.3.rel1-mingw-w64-i686-arm-none-eabi/bin/../lib/gcc/arm-none-eabi/13.3.1/thumb/v7e-m+dp/hard\libstdc++_nano.a(atexit_arm.o)
                0x08000bac                __aeabi_atexit
 .text._ZdlPvj  0x08000bb6        0x4 D:/0_Environment/arm-gnu-toolchain-13.3.rel1-mingw-w64-i686-arm-none-eabi/bin/../lib/gcc/arm-none-eabi/13.3.1/thumb/v7e-m+dp/hard\libstdc++_nano.a(del_ops.o)
                0x08000bb6                operator delete(void*, unsigned int)
 .text.unlikely._ZSt24__throw_out_of_range_fmtPKcz
                0x08000bba        0x8 D:/0_Environment/arm-gnu-toolchain-13.3.rel1-mingw-w64-i686-arm-none-eabi/bin/../lib/gcc/arm-none-eabi/13.3.1/thumb/v7e-m+dp/hard\libstdc++_nano.a(functexcept.o)
                0x08000bba                std::__throw_out_of_range_fmt(char const*, ...)
 .text._ZdlPv   0x08000bc2        0x4 D:/0_Environment/arm-gnu-toolchain-13.3.rel1-mingw-w64-i686-arm-none-eabi/bin/../lib/gcc/arm-none-eabi/13.3.1/thumb/v7e-m+dp/hard\libstdc++_nano.a(del_op.o)
                0x08000bc2                operator delete(void*)
 *fill*         0x08000bc6        0x2 
 .text._ZNKSt17basic_string_viewIcSt11char_traitsIcEE7compareEjjPKcj
                0x08000bc8       0x40 D:/0_Environment/arm-gnu-toolchain-13.3.rel1-mingw-w64-i686-arm-none-eabi/bin/../lib/gcc/arm-none-eabi/13.3.1/thumb/v7e-m+dp/hard\libstdc++_nano.a(eh_alloc.o)
                0x08000bc8                std::basic_string_view<char, std::char_traits<char> >::compare(unsigned int, unsigned int, char const*, unsigned int) const
 .text.startup._GLOBAL__sub_I__ZN9__gnu_cxx9__freeresEv
                0x08000c08      0x100 D:/0_Environment/arm-gnu-toolchain-13.3.rel1-mingw-w64-i686-arm-none-eabi/bin/../lib/gcc/arm-none-eabi/13.3.1/thumb/v7e-m+dp/hard\libstdc++_nano.a(eh_alloc.o)
 .text.abort    0x08000d08        0xe D:/0_Environment/arm-gnu-toolchain-13.3.rel1-mingw-w64-i686-arm-none-eabi/bin/../lib/gcc/arm-none-eabi/13.3.1/thumb/v7e-m+dp/hard\libc_nano.a(libc_a-abort.o)
                0x08000d08                abort
 *fill*         0x08000d16        0x2 
 .text.getenv   0x08000d18       0x18 D:/0_Environment/arm-gnu-toolchain-13.3.rel1-mingw-w64-i686-arm-none-eabi/bin/../lib/gcc/arm-none-eabi/13.3.1/thumb/v7e-m+dp/hard\libc_nano.a(libc_a-getenv.o)
                0x08000d18                getenv
 .text._findenv_r
                0x08000d30       0x78 D:/0_Environment/arm-gnu-toolchain-13.3.rel1-mingw-w64-i686-arm-none-eabi/bin/../lib/gcc/arm-none-eabi/13.3.1/thumb/v7e-m+dp/hard\libc_nano.a(libc_a-getenv_r.o)
                0x08000d30                _findenv_r
 .text.malloc   0x08000da8       0x10 D:/0_Environment/arm-gnu-toolchain-13.3.rel1-mingw-w64-i686-arm-none-eabi/bin/../lib/gcc/arm-none-eabi/13.3.1/thumb/v7e-m+dp/hard\libc_nano.a(libc_a-malloc.o)
                0x08000da8                malloc
 .text.free     0x08000db8       0x10 D:/0_Environment/arm-gnu-toolchain-13.3.rel1-mingw-w64-i686-arm-none-eabi/bin/../lib/gcc/arm-none-eabi/13.3.1/thumb/v7e-m+dp/hard\libc_nano.a(libc_a-malloc.o)
                0x08000db8                free
 .text.sbrk_aligned
                0x08000dc8       0x44 D:/0_Environment/arm-gnu-toolchain-13.3.rel1-mingw-w64-i686-arm-none-eabi/bin/../lib/gcc/arm-none-eabi/13.3.1/thumb/v7e-m+dp/hard\libc_nano.a(libc_a-mallocr.o)
 .text._malloc_r
                0x08000e0c      0x100 D:/0_Environment/arm-gnu-toolchain-13.3.rel1-mingw-w64-i686-arm-none-eabi/bin/../lib/gcc/arm-none-eabi/13.3.1/thumb/v7e-m+dp/hard\libc_nano.a(libc_a-mallocr.o)
                0x08000e0c                _malloc_r
 .text.__malloc_lock
                0x08000f0c        0xc D:/0_Environment/arm-gnu-toolchain-13.3.rel1-mingw-w64-i686-arm-none-eabi/bin/../lib/gcc/arm-none-eabi/13.3.1/thumb/v7e-m+dp/hard\libc_nano.a(libc_a-mlock.o)
                0x08000f0c                __malloc_lock
 .text.__malloc_unlock
                0x08000f18        0xc D:/0_Environment/arm-gnu-toolchain-13.3.rel1-mingw-w64-i686-arm-none-eabi/bin/../lib/gcc/arm-none-eabi/13.3.1/thumb/v7e-m+dp/hard\libc_nano.a(libc_a-mlock.o)
                0x08000f18                __malloc_unlock
 .text._strtoul_l.isra.0
                0x08000f24       0xdc D:/0_Environment/arm-gnu-toolchain-13.3.rel1-mingw-w64-i686-arm-none-eabi/bin/../lib/gcc/arm-none-eabi/13.3.1/thumb/v7e-m+dp/hard\libc_nano.a(libc_a-strtoul.o)
 .text.strtoul  0x08001000       0x14 D:/0_Environment/arm-gnu-toolchain-13.3.rel1-mingw-w64-i686-arm-none-eabi/bin/../lib/gcc/arm-none-eabi/13.3.1/thumb/v7e-m+dp/hard\libc_nano.a(libc_a-strtoul.o)
                0x08001000                strtoul
 .text.__cxa_atexit
                0x08001014       0x1c D:/0_Environment/arm-gnu-toolchain-13.3.rel1-mingw-w64-i686-arm-none-eabi/bin/../lib/gcc/arm-none-eabi/13.3.1/thumb/v7e-m+dp/hard\libc_nano.a(libc_a-cxa_atexit.o)
                0x08001014                __cxa_atexit
 .text.memcmp   0x08001030       0x20 D:/0_Environment/arm-gnu-toolchain-13.3.rel1-mingw-w64-i686-arm-none-eabi/bin/../lib/gcc/arm-none-eabi/13.3.1/thumb/v7e-m+dp/hard\libc_nano.a(libc_a-memcmp.o)
                0x08001030                memcmp
 .text.strchr   0x08001050       0x1a D:/0_Environment/arm-gnu-toolchain-13.3.rel1-mingw-w64-i686-arm-none-eabi/bin/../lib/gcc/arm-none-eabi/13.3.1/thumb/v7e-m+dp/hard\libc_nano.a(libc_a-strchr.o)
                0x08001050                strchr
 .text.strncmp  0x0800106a       0x24 D:/0_Environment/arm-gnu-toolchain-13.3.rel1-mingw-w64-i686-arm-none-eabi/bin/../lib/gcc/arm-none-eabi/13.3.1/thumb/v7e-m+dp/hard\libc_nano.a(libc_a-strncmp.o)
                0x0800106a                strncmp
 .text._raise_r
                0x0800108e       0x50 D:/0_Environment/arm-gnu-toolchain-13.3.rel1-mingw-w64-i686-arm-none-eabi/bin/../lib/gcc/arm-none-eabi/13.3.1/thumb/v7e-m+dp/hard\libc_nano.a(libc_a-signal.o)
                0x0800108e                _raise_r
 *fill*         0x080010de        0x2 
 .text.raise    0x080010e0       0x10 D:/0_Environment/arm-gnu-toolchain-13.3.rel1-mingw-w64-i686-arm-none-eabi/bin/../lib/gcc/arm-none-eabi/13.3.1/thumb/v7e-m+dp/hard\libc_nano.a(libc_a-signal.o)
                0x080010e0                raise
 .text._kill_r  0x080010f0       0x24 D:/0_Environment/arm-gnu-toolchain-13.3.rel1-mingw-w64-i686-arm-none-eabi/bin/../lib/gcc/arm-none-eabi/13.3.1/thumb/v7e-m+dp/hard\libc_nano.a(libc_a-signalr.o)
                0x080010f0                _kill_r
 .text._getpid_r
                0x08001114        0x4 D:/0_Environment/arm-gnu-toolchain-13.3.rel1-mingw-w64-i686-arm-none-eabi/bin/../lib/gcc/arm-none-eabi/13.3.1/thumb/v7e-m+dp/hard\libc_nano.a(libc_a-signalr.o)
                0x08001114                _getpid_r
 .text._sbrk_r  0x08001118       0x20 D:/0_Environment/arm-gnu-toolchain-13.3.rel1-mingw-w64-i686-arm-none-eabi/bin/../lib/gcc/arm-none-eabi/13.3.1/thumb/v7e-m+dp/hard\libc_nano.a(libc_a-sbrkr.o)
                0x08001118                _sbrk_r
 .text.__retarget_lock_acquire_recursive
                0x08001138        0x2 D:/0_Environment/arm-gnu-toolchain-13.3.rel1-mingw-w64-i686-arm-none-eabi/bin/../lib/gcc/arm-none-eabi/13.3.1/thumb/v7e-m+dp/hard\libc_nano.a(libc_a-lock.o)
                0x08001138                __retarget_lock_acquire_recursive
 .text.__retarget_lock_release_recursive
                0x0800113a        0x2 D:/0_Environment/arm-gnu-toolchain-13.3.rel1-mingw-w64-i686-arm-none-eabi/bin/../lib/gcc/arm-none-eabi/13.3.1/thumb/v7e-m+dp/hard\libc_nano.a(libc_a-lock.o)
                0x0800113a                __retarget_lock_release_recursive
 .text.__env_lock
                0x0800113c        0xc D:/0_Environment/arm-gnu-toolchain-13.3.rel1-mingw-w64-i686-arm-none-eabi/bin/../lib/gcc/arm-none-eabi/13.3.1/thumb/v7e-m+dp/hard\libc_nano.a(libc_a-envlock.o)
                0x0800113c                __env_lock
 .text.__env_unlock
                0x08001148        0xc D:/0_Environment/arm-gnu-toolchain-13.3.rel1-mingw-w64-i686-arm-none-eabi/bin/../lib/gcc/arm-none-eabi/13.3.1/thumb/v7e-m+dp/hard\libc_nano.a(libc_a-envlock.o)
                0x08001148                __env_unlock
 .text._free_r  0x08001154       0x94 D:/0_Environment/arm-gnu-toolchain-13.3.rel1-mingw-w64-i686-arm-none-eabi/bin/../lib/gcc/arm-none-eabi/13.3.1/thumb/v7e-m+dp/hard\libc_nano.a(libc_a-freer.o)
                0x08001154                _free_r
 *(.glue_7)
 .glue_7        0x080011e8        0x0 linker stubs
 *(.glue_7t)
 .glue_7t       0x080011e8        0x0 linker stubs
 *(.eh_frame)
 .eh_frame      0x080011e8        0x0 D:/0_Environment/arm-gnu-toolchain-13.3.rel1-mingw-w64-i686-arm-none-eabi/bin/../lib/gcc/arm-none-eabi/13.3.1/thumb/v7e-m+dp/hard/crtbegin.o
 *(.init)
 .init          0x080011e8        0x4 D:/0_Environment/arm-gnu-toolchain-13.3.rel1-mingw-w64-i686-arm-none-eabi/bin/../lib/gcc/arm-none-eabi/13.3.1/thumb/v7e-m+dp/hard/crti.o
                0x080011e8                _init
 .init          0x080011ec        0x8 D:/0_Environment/arm-gnu-toolchain-13.3.rel1-mingw-w64-i686-arm-none-eabi/bin/../lib/gcc/arm-none-eabi/13.3.1/thumb/v7e-m+dp/hard/crtn.o
 *(.fini)
 .fini          0x080011f4        0x4 D:/0_Environment/arm-gnu-toolchain-13.3.rel1-mingw-w64-i686-arm-none-eabi/bin/../lib/gcc/arm-none-eabi/13.3.1/thumb/v7e-m+dp/hard/crti.o
                0x080011f4                _fini
 .fini          0x080011f8        0x8 D:/0_Environment/arm-gnu-toolchain-13.3.rel1-mingw-w64-i686-arm-none-eabi/bin/../lib/gcc/arm-none-eabi/13.3.1/thumb/v7e-m+dp/hard/crtn.o
                0x08001200                        . = ALIGN (0x4)
                0x08001200                        _etext = .

.vfp11_veneer   0x08001200        0x0
 .vfp11_veneer  0x08001200        0x0 linker stubs

.v4_bx          0x08001200        0x0
 .v4_bx         0x08001200        0x0 linker stubs

.iplt           0x08001200        0x0
 .iplt          0x08001200        0x0 D:/0_Environment/arm-gnu-toolchain-13.3.rel1-mingw-w64-i686-arm-none-eabi/bin/../lib/gcc/arm-none-eabi/13.3.1/thumb/v7e-m+dp/hard/crtbegin.o

.rodata         0x08001200      0x188
                0x08001200                        . = ALIGN (0x4)
 *(.rodata)
 .rodata        0x08001200        0x8 D:/0_Environment/arm-gnu-toolchain-13.3.rel1-mingw-w64-i686-arm-none-eabi/bin/../lib/gcc/arm-none-eabi/13.3.1/thumb/v7e-m+dp/hard\libstdc++_nano.a(eh_alloc.o)
 *(.rodata*)
 .rodata._ZNKSt17basic_string_viewIcSt11char_traitsIcEE7compareEjjPKcj.str1.1
                0x08001208       0x7f D:/0_Environment/arm-gnu-toolchain-13.3.rel1-mingw-w64-i686-arm-none-eabi/bin/../lib/gcc/arm-none-eabi/13.3.1/thumb/v7e-m+dp/hard\libstdc++_nano.a(eh_alloc.o)
                                 0x4b (size before relaxing)
 .rodata._GLOBAL__sub_I__ZN9__gnu_cxx9__freeresEv.str1.1
                0x08001287       0x24 D:/0_Environment/arm-gnu-toolchain-13.3.rel1-mingw-w64-i686-arm-none-eabi/bin/../lib/gcc/arm-none-eabi/13.3.1/thumb/v7e-m+dp/hard\libstdc++_nano.a(eh_alloc.o)
 .rodata.str1.1
                0x08001287       0x10 D:/0_Environment/arm-gnu-toolchain-13.3.rel1-mingw-w64-i686-arm-none-eabi/bin/../lib/gcc/arm-none-eabi/13.3.1/thumb/v7e-m+dp/hard\libstdc++_nano.a(eh_alloc.o)
 .rodata._ctype_
                0x08001287      0x101 D:/0_Environment/arm-gnu-toolchain-13.3.rel1-mingw-w64-i686-arm-none-eabi/bin/../lib/gcc/arm-none-eabi/13.3.1/thumb/v7e-m+dp/hard\libc_nano.a(libc_a-ctype_.o)
                0x08001287                _ctype_
                0x08001388                        . = ALIGN (0x4)

.ARM.extab      0x08001388        0x0
 *(.ARM.extab* .gnu.linkonce.armextab.*)
 .ARM.extab.text._ZN11my_engineer7CInfCAN10CCanTxNodeD2Ev
                0x08001388        0x0 CMakeFiles/FIRMWARE.elf.dir/Applications/Configuration/conf_CanTxNode.cpp.obj
 .ARM.extab.text._ZNSt3mapIN11my_engineer12EInterfaceIDEPNS0_8CInfBaseESt4lessIS1_ESaISt4pairIKS1_S3_EEED2Ev
                0x08001388        0x0 CMakeFiles/FIRMWARE.elf.dir/Applications/Interface/Interface.cpp.obj
 .ARM.extab.text._ZNSt3mapIP19FDCAN_HandleTypeDefPN11my_engineer7CInfCANESt4lessIS1_ESaISt4pairIKS1_S4_EEED2Ev
                0x08001388        0x0 CMakeFiles/FIRMWARE.elf.dir/Applications/Interface/inf_can.cpp.obj
 .ARM.extab.text._ZNSt3mapIP19__SPI_HandleTypeDefPN11my_engineer7CInfSPIESt4lessIS1_ESaISt4pairIKS1_S4_EEED2Ev
                0x08001388        0x0 CMakeFiles/FIRMWARE.elf.dir/Applications/Interface/inf_spi.cpp.obj
 .ARM.extab.text._ZNSt3mapIP20__UART_HandleTypeDefPN11my_engineer8CInfUARTESt4lessIS1_ESaISt4pairIKS1_S4_EEED2Ev
                0x08001388        0x0 CMakeFiles/FIRMWARE.elf.dir/Applications/Interface/inf_uart.cpp.obj
 .ARM.extab.text._ZNSt3mapIN11my_engineer9EDeviceIDEPNS0_8CDevBaseESt4lessIS1_ESaISt4pairIKS1_S3_EEED2Ev
                0x08001388        0x0 CMakeFiles/FIRMWARE.elf.dir/Applications/Device/Device.cpp.obj
 .ARM.extab.text._ZNSt3mapIN11my_engineer9EDeviceIDEPNS0_9CMemsBaseESt4lessIS1_ESaISt4pairIKS1_S3_EEED2Ev
                0x08001388        0x0 CMakeFiles/FIRMWARE.elf.dir/Applications/Device/MEMS/mems.cpp.obj
 .ARM.extab.text._ZNSt3mapIN11my_engineer9EDeviceIDEPNS0_7CDevMtrESt4lessIS1_ESaISt4pairIKS1_S3_EEED2Ev
                0x08001388        0x0 CMakeFiles/FIRMWARE.elf.dir/Applications/Device/MTR/motor.cpp.obj
 .ARM.extab.text._ZNSt3mapIN11my_engineer9EModuleIDEPNS0_8CModBaseESt4lessIS1_ESaISt4pairIKS1_S3_EEED2Ev
                0x08001388        0x0 CMakeFiles/FIRMWARE.elf.dir/Applications/Module/Module.cpp.obj

.ARM            0x08001388        0x8
                0x08001388                        __exidx_start = .
 *(.ARM.exidx*)
 .ARM.exidx.text._ZN11my_engineer7CInfCAN10CCanTxNodeD2Ev
                0x08001388        0x8 CMakeFiles/FIRMWARE.elf.dir/Applications/Configuration/conf_CanTxNode.cpp.obj
 .ARM.exidx.text.startup._GLOBAL__sub_I__ZN11my_engineer15TxNode_Can1_200E
                0x08001390        0x0 CMakeFiles/FIRMWARE.elf.dir/Applications/Configuration/conf_CanTxNode.cpp.obj
                                  0x8 (size before relaxing)
 .ARM.exidx.text._ZNSt8_Rb_treeIN11my_engineer12EInterfaceIDESt4pairIKS1_PNS0_8CInfBaseEESt10_Select1stIS6_ESt4lessIS1_ESaIS6_EE8_M_eraseEPSt13_Rb_tree_nodeIS6_E.isra.0
                0x08001390        0x0 CMakeFiles/FIRMWARE.elf.dir/Applications/Interface/Interface.cpp.obj
                                  0x8 (size before relaxing)
 .ARM.exidx.text._ZNSt3mapIN11my_engineer12EInterfaceIDEPNS0_8CInfBaseESt4lessIS1_ESaISt4pairIKS1_S3_EEED2Ev
                0x08001390        0x0 CMakeFiles/FIRMWARE.elf.dir/Applications/Interface/Interface.cpp.obj
                                  0x8 (size before relaxing)
 .ARM.exidx.text.startup._GLOBAL__sub_I__ZN11my_engineer14InterfaceIDMapE
                0x08001390        0x0 CMakeFiles/FIRMWARE.elf.dir/Applications/Interface/Interface.cpp.obj
                                  0x8 (size before relaxing)
 .ARM.exidx.text._ZNSt8_Rb_treeIP19FDCAN_HandleTypeDefSt4pairIKS1_PN11my_engineer7CInfCANEESt10_Select1stIS7_ESt4lessIS1_ESaIS7_EE8_M_eraseEPSt13_Rb_tree_nodeIS7_E.isra.0
                0x08001390        0x0 CMakeFiles/FIRMWARE.elf.dir/Applications/Interface/inf_can.cpp.obj
                                  0x8 (size before relaxing)
 .ARM.exidx.text._ZNSt3mapIP19FDCAN_HandleTypeDefPN11my_engineer7CInfCANESt4lessIS1_ESaISt4pairIKS1_S4_EEED2Ev
                0x08001390        0x0 CMakeFiles/FIRMWARE.elf.dir/Applications/Interface/inf_can.cpp.obj
                                  0x8 (size before relaxing)
 .ARM.exidx.text.startup._GLOBAL__sub_I__ZN11my_engineer12CanHandleMapE
                0x08001390        0x0 CMakeFiles/FIRMWARE.elf.dir/Applications/Interface/inf_can.cpp.obj
                                  0x8 (size before relaxing)
 .ARM.exidx.text._ZNSt8_Rb_treeIP19__SPI_HandleTypeDefSt4pairIKS1_PN11my_engineer7CInfSPIEESt10_Select1stIS7_ESt4lessIS1_ESaIS7_EE8_M_eraseEPSt13_Rb_tree_nodeIS7_E.isra.0
                0x08001390        0x0 CMakeFiles/FIRMWARE.elf.dir/Applications/Interface/inf_spi.cpp.obj
                                  0x8 (size before relaxing)
 .ARM.exidx.text._ZNSt3mapIP19__SPI_HandleTypeDefPN11my_engineer7CInfSPIESt4lessIS1_ESaISt4pairIKS1_S4_EEED2Ev
                0x08001390        0x0 CMakeFiles/FIRMWARE.elf.dir/Applications/Interface/inf_spi.cpp.obj
                                  0x8 (size before relaxing)
 .ARM.exidx.text.startup._GLOBAL__sub_I__ZN11my_engineer12SpiHandleMapE
                0x08001390        0x0 CMakeFiles/FIRMWARE.elf.dir/Applications/Interface/inf_spi.cpp.obj
                                  0x8 (size before relaxing)
 .ARM.exidx.text._ZNSt8_Rb_treeIP20__UART_HandleTypeDefSt4pairIKS1_PN11my_engineer8CInfUARTEESt10_Select1stIS7_ESt4lessIS1_ESaIS7_EE8_M_eraseEPSt13_Rb_tree_nodeIS7_E.isra.0
                0x08001390        0x0 CMakeFiles/FIRMWARE.elf.dir/Applications/Interface/inf_uart.cpp.obj
                                  0x8 (size before relaxing)
 .ARM.exidx.text._ZNSt3mapIP20__UART_HandleTypeDefPN11my_engineer8CInfUARTESt4lessIS1_ESaISt4pairIKS1_S4_EEED2Ev
                0x08001390        0x0 CMakeFiles/FIRMWARE.elf.dir/Applications/Interface/inf_uart.cpp.obj
                                  0x8 (size before relaxing)
 .ARM.exidx.text.startup._GLOBAL__sub_I__ZN11my_engineer13UartHandleMapE
                0x08001390        0x0 CMakeFiles/FIRMWARE.elf.dir/Applications/Interface/inf_uart.cpp.obj
                                  0x8 (size before relaxing)
 .ARM.exidx.text._ZNSt8_Rb_treeIN11my_engineer9EDeviceIDESt4pairIKS1_PNS0_8CDevBaseEESt10_Select1stIS6_ESt4lessIS1_ESaIS6_EE8_M_eraseEPSt13_Rb_tree_nodeIS6_E.isra.0
                0x08001390        0x0 CMakeFiles/FIRMWARE.elf.dir/Applications/Device/Device.cpp.obj
                                  0x8 (size before relaxing)
 .ARM.exidx.text._ZNSt3mapIN11my_engineer9EDeviceIDEPNS0_8CDevBaseESt4lessIS1_ESaISt4pairIKS1_S3_EEED2Ev
                0x08001390        0x0 CMakeFiles/FIRMWARE.elf.dir/Applications/Device/Device.cpp.obj
                                  0x8 (size before relaxing)
 .ARM.exidx.text.startup._GLOBAL__sub_I__ZN11my_engineer11DeviceIDMapE
                0x08001390        0x0 CMakeFiles/FIRMWARE.elf.dir/Applications/Device/Device.cpp.obj
                                  0x8 (size before relaxing)
 .ARM.exidx.text._ZNSt8_Rb_treeIN11my_engineer9EDeviceIDESt4pairIKS1_PNS0_9CMemsBaseEESt10_Select1stIS6_ESt4lessIS1_ESaIS6_EE8_M_eraseEPSt13_Rb_tree_nodeIS6_E.isra.0
                0x08001390        0x0 CMakeFiles/FIRMWARE.elf.dir/Applications/Device/MEMS/mems.cpp.obj
                                  0x8 (size before relaxing)
 .ARM.exidx.text._ZNSt3mapIN11my_engineer9EDeviceIDEPNS0_9CMemsBaseESt4lessIS1_ESaISt4pairIKS1_S3_EEED2Ev
                0x08001390        0x0 CMakeFiles/FIRMWARE.elf.dir/Applications/Device/MEMS/mems.cpp.obj
                                  0x8 (size before relaxing)
 .ARM.exidx.text.startup._GLOBAL__sub_I__ZN11my_engineer9MemsIDMapE
                0x08001390        0x0 CMakeFiles/FIRMWARE.elf.dir/Applications/Device/MEMS/mems.cpp.obj
                                  0x8 (size before relaxing)
 .ARM.exidx.text._ZNSt8_Rb_treeIN11my_engineer9EDeviceIDESt4pairIKS1_PNS0_7CDevMtrEESt10_Select1stIS6_ESt4lessIS1_ESaIS6_EE8_M_eraseEPSt13_Rb_tree_nodeIS6_E.isra.0
                0x08001390        0x0 CMakeFiles/FIRMWARE.elf.dir/Applications/Device/MTR/motor.cpp.obj
                                  0x8 (size before relaxing)
 .ARM.exidx.text._ZNSt3mapIN11my_engineer9EDeviceIDEPNS0_7CDevMtrESt4lessIS1_ESaISt4pairIKS1_S3_EEED2Ev
                0x08001390        0x0 CMakeFiles/FIRMWARE.elf.dir/Applications/Device/MTR/motor.cpp.obj
                                  0x8 (size before relaxing)
 .ARM.exidx.text.startup._GLOBAL__sub_I__ZN11my_engineer10MotorIDMapE
                0x08001390        0x0 CMakeFiles/FIRMWARE.elf.dir/Applications/Device/MTR/motor.cpp.obj
                                  0x8 (size before relaxing)
 .ARM.exidx.text._ZNSt8_Rb_treeIN11my_engineer9EModuleIDESt4pairIKS1_PNS0_8CModBaseEESt10_Select1stIS6_ESt4lessIS1_ESaIS6_EE8_M_eraseEPSt13_Rb_tree_nodeIS6_E.isra.0
                0x08001390        0x0 CMakeFiles/FIRMWARE.elf.dir/Applications/Module/Module.cpp.obj
                                  0x8 (size before relaxing)
 .ARM.exidx.text._ZNSt3mapIN11my_engineer9EModuleIDEPNS0_8CModBaseESt4lessIS1_ESaISt4pairIKS1_S3_EEED2Ev
                0x08001390        0x0 CMakeFiles/FIRMWARE.elf.dir/Applications/Module/Module.cpp.obj
                                  0x8 (size before relaxing)
 .ARM.exidx.text.startup._GLOBAL__sub_I__ZN11my_engineer11ModuleIDMapE
                0x08001390        0x0 CMakeFiles/FIRMWARE.elf.dir/Applications/Module/Module.cpp.obj
                                  0x8 (size before relaxing)
                0x08001390                        __exidx_end = .

.rel.dyn        0x08001390        0x0
 .rel.iplt      0x08001390        0x0 D:/0_Environment/arm-gnu-toolchain-13.3.rel1-mingw-w64-i686-arm-none-eabi/bin/../lib/gcc/arm-none-eabi/13.3.1/thumb/v7e-m+dp/hard/crtbegin.o

.preinit_array  0x08001390        0x0
                0x08001390                        PROVIDE (__preinit_array_start = .)
 *(.preinit_array*)
                0x08001390                        PROVIDE (__preinit_array_end = .)

.init_array     0x08001390       0x2c
                0x08001390                        PROVIDE (__init_array_start = .)
 *(SORT_BY_NAME(.init_array.*))
 *(.init_array*)
 .init_array    0x08001390        0x4 D:/0_Environment/arm-gnu-toolchain-13.3.rel1-mingw-w64-i686-arm-none-eabi/bin/../lib/gcc/arm-none-eabi/13.3.1/thumb/v7e-m+dp/hard/crtbegin.o
 .init_array    0x08001394        0x4 CMakeFiles/FIRMWARE.elf.dir/Applications/Configuration/conf_CanTxNode.cpp.obj
 .init_array    0x08001398        0x4 CMakeFiles/FIRMWARE.elf.dir/Applications/Interface/Interface.cpp.obj
 .init_array    0x0800139c        0x4 CMakeFiles/FIRMWARE.elf.dir/Applications/Interface/inf_can.cpp.obj
 .init_array    0x080013a0        0x4 CMakeFiles/FIRMWARE.elf.dir/Applications/Interface/inf_spi.cpp.obj
 .init_array    0x080013a4        0x4 CMakeFiles/FIRMWARE.elf.dir/Applications/Interface/inf_uart.cpp.obj
 .init_array    0x080013a8        0x4 CMakeFiles/FIRMWARE.elf.dir/Applications/Device/Device.cpp.obj
 .init_array    0x080013ac        0x4 CMakeFiles/FIRMWARE.elf.dir/Applications/Device/MEMS/mems.cpp.obj
 .init_array    0x080013b0        0x4 CMakeFiles/FIRMWARE.elf.dir/Applications/Device/MTR/motor.cpp.obj
 .init_array    0x080013b4        0x4 CMakeFiles/FIRMWARE.elf.dir/Applications/Module/Module.cpp.obj
 .init_array    0x080013b8        0x4 D:/0_Environment/arm-gnu-toolchain-13.3.rel1-mingw-w64-i686-arm-none-eabi/bin/../lib/gcc/arm-none-eabi/13.3.1/thumb/v7e-m+dp/hard\libstdc++_nano.a(eh_alloc.o)
                0x080013bc                        PROVIDE (__init_array_end = .)

.fini_array     0x080013bc        0x4
                [!provide]                        PROVIDE (__fini_array_start = .)
 *(SORT_BY_NAME(.fini_array.*))
 *(.fini_array*)
 .fini_array    0x080013bc        0x4 D:/0_Environment/arm-gnu-toolchain-13.3.rel1-mingw-w64-i686-arm-none-eabi/bin/../lib/gcc/arm-none-eabi/13.3.1/thumb/v7e-m+dp/hard/crtbegin.o
                [!provide]                        PROVIDE (__fini_array_end = .)
                0x080013c0                        _sidata = LOADADDR (.data)

.data           0x24000000       0x58 load address 0x080013c0
                0x24000000                        . = ALIGN (0x4)
                0x24000000                        _sdata = .
 *(.data)
 *(.data*)
 .data.__dso_handle
                0x24000000        0x4 D:/0_Environment/arm-gnu-toolchain-13.3.rel1-mingw-w64-i686-arm-none-eabi/bin/../lib/gcc/arm-none-eabi/13.3.1/thumb/v7e-m+dp/hard/crtbegin.o
                0x24000000                __dso_handle
 .data._impure_ptr
                0x24000004        0x4 D:/0_Environment/arm-gnu-toolchain-13.3.rel1-mingw-w64-i686-arm-none-eabi/bin/../lib/gcc/arm-none-eabi/13.3.1/thumb/v7e-m+dp/hard\libc_nano.a(libc_a-impure.o)
                0x24000004                _impure_ptr
 .data._impure_data
                0x24000008       0x4c D:/0_Environment/arm-gnu-toolchain-13.3.rel1-mingw-w64-i686-arm-none-eabi/bin/../lib/gcc/arm-none-eabi/13.3.1/thumb/v7e-m+dp/hard\libc_nano.a(libc_a-impure.o)
                0x24000008                _impure_data
 .data.environ  0x24000054        0x4 D:/0_Environment/arm-gnu-toolchain-13.3.rel1-mingw-w64-i686-arm-none-eabi/bin/../lib/gcc/arm-none-eabi/13.3.1/thumb/v7e-m+dp/hard\libc_nano.a(libc_a-environ.o)
                0x24000054                environ
 *(.RamFunc)
 *(.RamFunc*)
                0x24000058                        . = ALIGN (0x4)
                0x24000058                        _edata = .

.tm_clone_table
                0x24000058        0x0 load address 0x08001418
 .tm_clone_table
                0x24000058        0x0 D:/0_Environment/arm-gnu-toolchain-13.3.rel1-mingw-w64-i686-arm-none-eabi/bin/../lib/gcc/arm-none-eabi/13.3.1/thumb/v7e-m+dp/hard/crtbegin.o
 .tm_clone_table
                0x24000058        0x0 D:/0_Environment/arm-gnu-toolchain-13.3.rel1-mingw-w64-i686-arm-none-eabi/bin/../lib/gcc/arm-none-eabi/13.3.1/thumb/v7e-m+dp/hard/crtend.o

.igot.plt       0x24000058        0x0 load address 0x08001418
 .igot.plt      0x24000058        0x0 D:/0_Environment/arm-gnu-toolchain-13.3.rel1-mingw-w64-i686-arm-none-eabi/bin/../lib/gcc/arm-none-eabi/13.3.1/thumb/v7e-m+dp/hard/crtbegin.o
                0x24000058                        . = ALIGN (0x4)

.bss            0x24000058      0x3a0 load address 0x08001418
                0x24000058                        _sbss = .
                0x24000058                        __bss_start__ = _sbss
 *(.bss)
 *(.bss*)
 .bss.completed.1
                0x24000058        0x1 D:/0_Environment/arm-gnu-toolchain-13.3.rel1-mingw-w64-i686-arm-none-eabi/bin/../lib/gcc/arm-none-eabi/13.3.1/thumb/v7e-m+dp/hard/crtbegin.o
 *fill*         0x24000059        0x3 
 .bss.object.0  0x2400005c       0x18 D:/0_Environment/arm-gnu-toolchain-13.3.rel1-mingw-w64-i686-arm-none-eabi/bin/../lib/gcc/arm-none-eabi/13.3.1/thumb/v7e-m+dp/hard/crtbegin.o
 *fill*         0x24000074        0x4 
 .bss._ZN11my_engineer15TxNode_Can3_3FEE
                0x24000078       0x24 CMakeFiles/FIRMWARE.elf.dir/Applications/Configuration/conf_CanTxNode.cpp.obj
                0x24000078                my_engineer::TxNode_Can3_3FE
 *fill*         0x2400009c        0x4 
 .bss._ZN11my_engineer15TxNode_Can3_1FFE
                0x240000a0       0x24 CMakeFiles/FIRMWARE.elf.dir/Applications/Configuration/conf_CanTxNode.cpp.obj
                0x240000a0                my_engineer::TxNode_Can3_1FF
 *fill*         0x240000c4        0x4 
 .bss._ZN11my_engineer15TxNode_Can3_200E
                0x240000c8       0x24 CMakeFiles/FIRMWARE.elf.dir/Applications/Configuration/conf_CanTxNode.cpp.obj
                0x240000c8                my_engineer::TxNode_Can3_200
 *fill*         0x240000ec        0x4 
 .bss._ZN11my_engineer15TxNode_Can2_3FEE
                0x240000f0       0x24 CMakeFiles/FIRMWARE.elf.dir/Applications/Configuration/conf_CanTxNode.cpp.obj
                0x240000f0                my_engineer::TxNode_Can2_3FE
 *fill*         0x24000114        0x4 
 .bss._ZN11my_engineer15TxNode_Can2_1FFE
                0x24000118       0x24 CMakeFiles/FIRMWARE.elf.dir/Applications/Configuration/conf_CanTxNode.cpp.obj
                0x24000118                my_engineer::TxNode_Can2_1FF
 *fill*         0x2400013c        0x4 
 .bss._ZN11my_engineer15TxNode_Can2_200E
                0x24000140       0x24 CMakeFiles/FIRMWARE.elf.dir/Applications/Configuration/conf_CanTxNode.cpp.obj
                0x24000140                my_engineer::TxNode_Can2_200
 *fill*         0x24000164        0x4 
 .bss._ZN11my_engineer15TxNode_Can1_3FEE
                0x24000168       0x24 CMakeFiles/FIRMWARE.elf.dir/Applications/Configuration/conf_CanTxNode.cpp.obj
                0x24000168                my_engineer::TxNode_Can1_3FE
 *fill*         0x2400018c        0x4 
 .bss._ZN11my_engineer15TxNode_Can1_1FFE
                0x24000190       0x24 CMakeFiles/FIRMWARE.elf.dir/Applications/Configuration/conf_CanTxNode.cpp.obj
                0x24000190                my_engineer::TxNode_Can1_1FF
 *fill*         0x240001b4        0x4 
 .bss._ZN11my_engineer15TxNode_Can1_200E
                0x240001b8       0x24 CMakeFiles/FIRMWARE.elf.dir/Applications/Configuration/conf_CanTxNode.cpp.obj
                0x240001b8                my_engineer::TxNode_Can1_200
 .bss._ZN11my_engineer14InterfaceIDMapE
                0x240001dc       0x18 CMakeFiles/FIRMWARE.elf.dir/Applications/Interface/Interface.cpp.obj
                0x240001dc                my_engineer::InterfaceIDMap
 .bss._ZN11my_engineer12CanHandleMapE
                0x240001f4       0x18 CMakeFiles/FIRMWARE.elf.dir/Applications/Interface/inf_can.cpp.obj
                0x240001f4                my_engineer::CanHandleMap
 .bss._ZN11my_engineer12SpiHandleMapE
                0x2400020c       0x18 CMakeFiles/FIRMWARE.elf.dir/Applications/Interface/inf_spi.cpp.obj
                0x2400020c                my_engineer::SpiHandleMap
 .bss._ZN11my_engineer13UartHandleMapE
                0x24000224       0x18 CMakeFiles/FIRMWARE.elf.dir/Applications/Interface/inf_uart.cpp.obj
                0x24000224                my_engineer::UartHandleMap
 .bss._ZN11my_engineer11DeviceIDMapE
                0x2400023c       0x18 CMakeFiles/FIRMWARE.elf.dir/Applications/Device/Device.cpp.obj
                0x2400023c                my_engineer::DeviceIDMap
 .bss._ZN11my_engineer9MemsIDMapE
                0x24000254       0x18 CMakeFiles/FIRMWARE.elf.dir/Applications/Device/MEMS/mems.cpp.obj
                0x24000254                my_engineer::MemsIDMap
 .bss._ZN11my_engineer10MotorIDMapE
                0x2400026c       0x18 CMakeFiles/FIRMWARE.elf.dir/Applications/Device/MTR/motor.cpp.obj
                0x2400026c                my_engineer::MotorIDMap
 .bss._ZN11my_engineer11ModuleIDMapE
                0x24000284       0x18 CMakeFiles/FIRMWARE.elf.dir/Applications/Module/Module.cpp.obj
                0x24000284                my_engineer::ModuleIDMap
 .bss._ZN12_GLOBAL__N_114emergency_poolE
                0x2400029c       0x10 D:/0_Environment/arm-gnu-toolchain-13.3.rel1-mingw-w64-i686-arm-none-eabi/bin/../lib/gcc/arm-none-eabi/13.3.1/thumb/v7e-m+dp/hard\libstdc++_nano.a(eh_alloc.o)
 .bss.__malloc_sbrk_start
                0x240002ac        0x4 D:/0_Environment/arm-gnu-toolchain-13.3.rel1-mingw-w64-i686-arm-none-eabi/bin/../lib/gcc/arm-none-eabi/13.3.1/thumb/v7e-m+dp/hard\libc_nano.a(libc_a-mallocr.o)
                0x240002ac                __malloc_sbrk_start
 .bss.__malloc_free_list
                0x240002b0        0x4 D:/0_Environment/arm-gnu-toolchain-13.3.rel1-mingw-w64-i686-arm-none-eabi/bin/../lib/gcc/arm-none-eabi/13.3.1/thumb/v7e-m+dp/hard\libc_nano.a(libc_a-mallocr.o)
                0x240002b0                __malloc_free_list
 .bss.__sf      0x240002b4      0x138 D:/0_Environment/arm-gnu-toolchain-13.3.rel1-mingw-w64-i686-arm-none-eabi/bin/../lib/gcc/arm-none-eabi/13.3.1/thumb/v7e-m+dp/hard\libc_nano.a(libc_a-findfp.o)
                0x240002b4                __sf
 .bss.errno     0x240003ec        0x4 D:/0_Environment/arm-gnu-toolchain-13.3.rel1-mingw-w64-i686-arm-none-eabi/bin/../lib/gcc/arm-none-eabi/13.3.1/thumb/v7e-m+dp/hard\libc_nano.a(libc_a-reent.o)
                0x240003ec                errno
 .bss.__lock___env_recursive_mutex
                0x240003f0        0x1 D:/0_Environment/arm-gnu-toolchain-13.3.rel1-mingw-w64-i686-arm-none-eabi/bin/../lib/gcc/arm-none-eabi/13.3.1/thumb/v7e-m+dp/hard\libc_nano.a(libc_a-lock.o)
                0x240003f0                __lock___env_recursive_mutex
 .bss.__lock___malloc_recursive_mutex
                0x240003f1        0x1 D:/0_Environment/arm-gnu-toolchain-13.3.rel1-mingw-w64-i686-arm-none-eabi/bin/../lib/gcc/arm-none-eabi/13.3.1/thumb/v7e-m+dp/hard\libc_nano.a(libc_a-lock.o)
                0x240003f1                __lock___malloc_recursive_mutex
 *fill*         0x240003f2        0x2 
 .bss.initial_env
                0x240003f4        0x4 D:/0_Environment/arm-gnu-toolchain-13.3.rel1-mingw-w64-i686-arm-none-eabi/bin/../lib/gcc/arm-none-eabi/13.3.1/thumb/v7e-m+dp/hard\libc_nano.a(libc_a-environ.o)
 *(COMMON)
                0x240003f8                        . = ALIGN (0x4)
                0x240003f8                        _ebss = .
                0x240003f8                        __bss_end__ = _ebss

._user_heap_stack
                0x240003f8      0x600 load address 0x08001418
                0x240003f8                        . = ALIGN (0x8)
                [!provide]                        PROVIDE (end = .)
                [!provide]                        PROVIDE (_end = .)
                0x240005f8                        . = (. + _Min_Heap_Size)
 *fill*         0x240003f8      0x200 
                0x240009f8                        . = (. + _Min_Stack_Size)
 *fill*         0x240005f8      0x400 
                0x240009f8                        . = ALIGN (0x8)

.freertos_heap  0x20000000        0x0
                0x20000000                        . = ALIGN (0x4)
 *(.freertos_heap)
 *(.freertos_heap*)
                0x20000000                        . = ALIGN (0x4)

/DISCARD/
 libc.a(*)
 libm.a(*)
 libgcc.a(*)

.ARM.attributes
                0x00000000       0x2e
 *(.ARM.attributes)
 .ARM.attributes
                0x00000000       0x20 D:/0_Environment/arm-gnu-toolchain-13.3.rel1-mingw-w64-i686-arm-none-eabi/bin/../lib/gcc/arm-none-eabi/13.3.1/thumb/v7e-m+dp/hard/crti.o
 .ARM.attributes
                0x00000020       0x32 D:/0_Environment/arm-gnu-toolchain-13.3.rel1-mingw-w64-i686-arm-none-eabi/bin/../lib/gcc/arm-none-eabi/13.3.1/thumb/v7e-m+dp/hard/crtbegin.o
 .ARM.attributes
                0x00000052       0x32 CMakeFiles/FIRMWARE.elf.dir/Applications/Configuration/conf_CanTxNode.cpp.obj
 .ARM.attributes
                0x00000084       0x32 CMakeFiles/FIRMWARE.elf.dir/Applications/Interface/Interface.cpp.obj
 .ARM.attributes
                0x000000b6       0x32 CMakeFiles/FIRMWARE.elf.dir/Applications/Interface/inf_can.cpp.obj
 .ARM.attributes
                0x000000e8       0x32 CMakeFiles/FIRMWARE.elf.dir/Applications/Interface/inf_spi.cpp.obj
 .ARM.attributes
                0x0000011a       0x32 CMakeFiles/FIRMWARE.elf.dir/Applications/Interface/inf_uart.cpp.obj
 .ARM.attributes
                0x0000014c       0x32 CMakeFiles/FIRMWARE.elf.dir/Applications/Device/Device.cpp.obj
 .ARM.attributes
                0x0000017e       0x32 CMakeFiles/FIRMWARE.elf.dir/Applications/Device/MEMS/mems.cpp.obj
 .ARM.attributes
                0x000001b0       0x32 CMakeFiles/FIRMWARE.elf.dir/Applications/Device/MTR/motor.cpp.obj
 .ARM.attributes
                0x000001e2       0x32 CMakeFiles/FIRMWARE.elf.dir/Applications/Module/Module.cpp.obj
 .ARM.attributes
                0x00000214       0x32 D:/0_Environment/arm-gnu-toolchain-13.3.rel1-mingw-w64-i686-arm-none-eabi/bin/../lib/gcc/arm-none-eabi/13.3.1/thumb/v7e-m+dp/hard\libstdc++_nano.a(atexit_arm.o)
 .ARM.attributes
                0x00000246       0x32 D:/0_Environment/arm-gnu-toolchain-13.3.rel1-mingw-w64-i686-arm-none-eabi/bin/../lib/gcc/arm-none-eabi/13.3.1/thumb/v7e-m+dp/hard\libstdc++_nano.a(del_ops.o)
 .ARM.attributes
                0x00000278       0x32 D:/0_Environment/arm-gnu-toolchain-13.3.rel1-mingw-w64-i686-arm-none-eabi/bin/../lib/gcc/arm-none-eabi/13.3.1/thumb/v7e-m+dp/hard\libstdc++_nano.a(functexcept.o)
 .ARM.attributes
                0x000002aa       0x32 D:/0_Environment/arm-gnu-toolchain-13.3.rel1-mingw-w64-i686-arm-none-eabi/bin/../lib/gcc/arm-none-eabi/13.3.1/thumb/v7e-m+dp/hard\libstdc++_nano.a(del_op.o)
 .ARM.attributes
                0x000002dc       0x32 D:/0_Environment/arm-gnu-toolchain-13.3.rel1-mingw-w64-i686-arm-none-eabi/bin/../lib/gcc/arm-none-eabi/13.3.1/thumb/v7e-m+dp/hard\libstdc++_nano.a(eh_alloc.o)
 .ARM.attributes
                0x0000030e       0x32 D:/0_Environment/arm-gnu-toolchain-13.3.rel1-mingw-w64-i686-arm-none-eabi/bin/../lib/gcc/arm-none-eabi/13.3.1/thumb/v7e-m+dp/hard\libc_nano.a(libc_a-abort.o)
 .ARM.attributes
                0x00000340       0x32 D:/0_Environment/arm-gnu-toolchain-13.3.rel1-mingw-w64-i686-arm-none-eabi/bin/../lib/gcc/arm-none-eabi/13.3.1/thumb/v7e-m+dp/hard\libc_nano.a(libc_a-getenv.o)
 .ARM.attributes
                0x00000372       0x32 D:/0_Environment/arm-gnu-toolchain-13.3.rel1-mingw-w64-i686-arm-none-eabi/bin/../lib/gcc/arm-none-eabi/13.3.1/thumb/v7e-m+dp/hard\libc_nano.a(libc_a-getenv_r.o)
 .ARM.attributes
                0x000003a4       0x32 D:/0_Environment/arm-gnu-toolchain-13.3.rel1-mingw-w64-i686-arm-none-eabi/bin/../lib/gcc/arm-none-eabi/13.3.1/thumb/v7e-m+dp/hard\libc_nano.a(libc_a-malloc.o)
 .ARM.attributes
                0x000003d6       0x32 D:/0_Environment/arm-gnu-toolchain-13.3.rel1-mingw-w64-i686-arm-none-eabi/bin/../lib/gcc/arm-none-eabi/13.3.1/thumb/v7e-m+dp/hard\libc_nano.a(libc_a-mallocr.o)
 .ARM.attributes
                0x00000408       0x32 D:/0_Environment/arm-gnu-toolchain-13.3.rel1-mingw-w64-i686-arm-none-eabi/bin/../lib/gcc/arm-none-eabi/13.3.1/thumb/v7e-m+dp/hard\libc_nano.a(libc_a-mlock.o)
 .ARM.attributes
                0x0000043a       0x32 D:/0_Environment/arm-gnu-toolchain-13.3.rel1-mingw-w64-i686-arm-none-eabi/bin/../lib/gcc/arm-none-eabi/13.3.1/thumb/v7e-m+dp/hard\libc_nano.a(libc_a-strtoul.o)
 .ARM.attributes
                0x0000046c       0x32 D:/0_Environment/arm-gnu-toolchain-13.3.rel1-mingw-w64-i686-arm-none-eabi/bin/../lib/gcc/arm-none-eabi/13.3.1/thumb/v7e-m+dp/hard\libc_nano.a(libc_a-cxa_atexit.o)
 .ARM.attributes
                0x0000049e       0x32 D:/0_Environment/arm-gnu-toolchain-13.3.rel1-mingw-w64-i686-arm-none-eabi/bin/../lib/gcc/arm-none-eabi/13.3.1/thumb/v7e-m+dp/hard\libc_nano.a(libc_a-ctype_.o)
 .ARM.attributes
                0x000004d0       0x32 D:/0_Environment/arm-gnu-toolchain-13.3.rel1-mingw-w64-i686-arm-none-eabi/bin/../lib/gcc/arm-none-eabi/13.3.1/thumb/v7e-m+dp/hard\libc_nano.a(libc_a-findfp.o)
 .ARM.attributes
                0x00000502       0x32 D:/0_Environment/arm-gnu-toolchain-13.3.rel1-mingw-w64-i686-arm-none-eabi/bin/../lib/gcc/arm-none-eabi/13.3.1/thumb/v7e-m+dp/hard\libc_nano.a(libc_a-memcmp.o)
 .ARM.attributes
                0x00000534       0x32 D:/0_Environment/arm-gnu-toolchain-13.3.rel1-mingw-w64-i686-arm-none-eabi/bin/../lib/gcc/arm-none-eabi/13.3.1/thumb/v7e-m+dp/hard\libc_nano.a(libc_a-strchr.o)
 .ARM.attributes
                0x00000566       0x32 D:/0_Environment/arm-gnu-toolchain-13.3.rel1-mingw-w64-i686-arm-none-eabi/bin/../lib/gcc/arm-none-eabi/13.3.1/thumb/v7e-m+dp/hard\libc_nano.a(libc_a-strncmp.o)
 .ARM.attributes
                0x00000598       0x32 D:/0_Environment/arm-gnu-toolchain-13.3.rel1-mingw-w64-i686-arm-none-eabi/bin/../lib/gcc/arm-none-eabi/13.3.1/thumb/v7e-m+dp/hard\libc_nano.a(libc_a-signal.o)
 .ARM.attributes
                0x000005ca       0x32 D:/0_Environment/arm-gnu-toolchain-13.3.rel1-mingw-w64-i686-arm-none-eabi/bin/../lib/gcc/arm-none-eabi/13.3.1/thumb/v7e-m+dp/hard\libc_nano.a(libc_a-reent.o)
 .ARM.attributes
                0x000005fc       0x32 D:/0_Environment/arm-gnu-toolchain-13.3.rel1-mingw-w64-i686-arm-none-eabi/bin/../lib/gcc/arm-none-eabi/13.3.1/thumb/v7e-m+dp/hard\libc_nano.a(libc_a-impure.o)
 .ARM.attributes
                0x0000062e       0x32 D:/0_Environment/arm-gnu-toolchain-13.3.rel1-mingw-w64-i686-arm-none-eabi/bin/../lib/gcc/arm-none-eabi/13.3.1/thumb/v7e-m+dp/hard\libc_nano.a(libc_a-signalr.o)
 .ARM.attributes
                0x00000660       0x32 D:/0_Environment/arm-gnu-toolchain-13.3.rel1-mingw-w64-i686-arm-none-eabi/bin/../lib/gcc/arm-none-eabi/13.3.1/thumb/v7e-m+dp/hard\libc_nano.a(libc_a-sbrkr.o)
 .ARM.attributes
                0x00000692       0x32 D:/0_Environment/arm-gnu-toolchain-13.3.rel1-mingw-w64-i686-arm-none-eabi/bin/../lib/gcc/arm-none-eabi/13.3.1/thumb/v7e-m+dp/hard\libc_nano.a(libc_a-lock.o)
 .ARM.attributes
                0x000006c4       0x32 D:/0_Environment/arm-gnu-toolchain-13.3.rel1-mingw-w64-i686-arm-none-eabi/bin/../lib/gcc/arm-none-eabi/13.3.1/thumb/v7e-m+dp/hard\libc_nano.a(libc_a-environ.o)
 .ARM.attributes
                0x000006f6       0x32 D:/0_Environment/arm-gnu-toolchain-13.3.rel1-mingw-w64-i686-arm-none-eabi/bin/../lib/gcc/arm-none-eabi/13.3.1/thumb/v7e-m+dp/hard\libc_nano.a(libc_a-envlock.o)
 .ARM.attributes
                0x00000728       0x32 D:/0_Environment/arm-gnu-toolchain-13.3.rel1-mingw-w64-i686-arm-none-eabi/bin/../lib/gcc/arm-none-eabi/13.3.1/thumb/v7e-m+dp/hard\libc_nano.a(libc_a-freer.o)
 .ARM.attributes
                0x0000075a       0x32 D:/0_Environment/arm-gnu-toolchain-13.3.rel1-mingw-w64-i686-arm-none-eabi/bin/../lib/gcc/arm-none-eabi/13.3.1/thumb/v7e-m+dp/hard/crtend.o
 .ARM.attributes
                0x0000078c       0x20 D:/0_Environment/arm-gnu-toolchain-13.3.rel1-mingw-w64-i686-arm-none-eabi/bin/../lib/gcc/arm-none-eabi/13.3.1/thumb/v7e-m+dp/hard/crtn.o
OUTPUT(FIRMWARE.elf elf32-littlearm)
LOAD linker stubs
LOAD D:/0_Environment/arm-gnu-toolchain-13.3.rel1-mingw-w64-i686-arm-none-eabi/bin/../lib/gcc/arm-none-eabi/13.3.1/thumb/v7e-m+dp/hard\libc.a
LOAD D:/0_Environment/arm-gnu-toolchain-13.3.rel1-mingw-w64-i686-arm-none-eabi/bin/../lib/gcc/arm-none-eabi/13.3.1/thumb/v7e-m+dp/hard\libm.a
LOAD D:/0_Environment/arm-gnu-toolchain-13.3.rel1-mingw-w64-i686-arm-none-eabi/bin/../lib/gcc/arm-none-eabi/13.3.1/thumb/v7e-m+dp/hard\libgcc.a

.comment        0x00000000       0x45
 .comment       0x00000000       0x45 CMakeFiles/FIRMWARE.elf.dir/Applications/Configuration/conf_CanTxNode.cpp.obj
                                 0x46 (size before relaxing)
 .comment       0x00000045       0x46 CMakeFiles/FIRMWARE.elf.dir/Applications/Interface/Interface.cpp.obj
 .comment       0x00000045       0x46 CMakeFiles/FIRMWARE.elf.dir/Applications/Interface/inf_can.cpp.obj
 .comment       0x00000045       0x46 CMakeFiles/FIRMWARE.elf.dir/Applications/Interface/inf_spi.cpp.obj
 .comment       0x00000045       0x46 CMakeFiles/FIRMWARE.elf.dir/Applications/Interface/inf_uart.cpp.obj
 .comment       0x00000045       0x46 CMakeFiles/FIRMWARE.elf.dir/Applications/Device/Device.cpp.obj
 .comment       0x00000045       0x46 CMakeFiles/FIRMWARE.elf.dir/Applications/Device/MEMS/mems.cpp.obj
 .comment       0x00000045       0x46 CMakeFiles/FIRMWARE.elf.dir/Applications/Device/MTR/motor.cpp.obj
 .comment       0x00000045       0x46 CMakeFiles/FIRMWARE.elf.dir/Applications/Module/Module.cpp.obj

.debug_frame    0x00000000      0x900
 .debug_frame   0x00000000       0x20 D:/0_Environment/arm-gnu-toolchain-13.3.rel1-mingw-w64-i686-arm-none-eabi/bin/../lib/gcc/arm-none-eabi/13.3.1/thumb/v7e-m+dp/hard\libstdc++_nano.a(atexit_arm.o)
 .debug_frame   0x00000020       0x20 D:/0_Environment/arm-gnu-toolchain-13.3.rel1-mingw-w64-i686-arm-none-eabi/bin/../lib/gcc/arm-none-eabi/13.3.1/thumb/v7e-m+dp/hard\libstdc++_nano.a(del_ops.o)
 .debug_frame   0x00000040      0x184 D:/0_Environment/arm-gnu-toolchain-13.3.rel1-mingw-w64-i686-arm-none-eabi/bin/../lib/gcc/arm-none-eabi/13.3.1/thumb/v7e-m+dp/hard\libstdc++_nano.a(functexcept.o)
 .debug_frame   0x000001c4       0x20 D:/0_Environment/arm-gnu-toolchain-13.3.rel1-mingw-w64-i686-arm-none-eabi/bin/../lib/gcc/arm-none-eabi/13.3.1/thumb/v7e-m+dp/hard\libstdc++_nano.a(del_op.o)
 .debug_frame   0x000001e4       0xf8 D:/0_Environment/arm-gnu-toolchain-13.3.rel1-mingw-w64-i686-arm-none-eabi/bin/../lib/gcc/arm-none-eabi/13.3.1/thumb/v7e-m+dp/hard\libstdc++_nano.a(eh_alloc.o)
 .debug_frame   0x000002dc       0x28 D:/0_Environment/arm-gnu-toolchain-13.3.rel1-mingw-w64-i686-arm-none-eabi/bin/../lib/gcc/arm-none-eabi/13.3.1/thumb/v7e-m+dp/hard\libc_nano.a(libc_a-abort.o)
 .debug_frame   0x00000304       0x38 D:/0_Environment/arm-gnu-toolchain-13.3.rel1-mingw-w64-i686-arm-none-eabi/bin/../lib/gcc/arm-none-eabi/13.3.1/thumb/v7e-m+dp/hard\libc_nano.a(libc_a-getenv.o)
 .debug_frame   0x0000033c       0x50 D:/0_Environment/arm-gnu-toolchain-13.3.rel1-mingw-w64-i686-arm-none-eabi/bin/../lib/gcc/arm-none-eabi/13.3.1/thumb/v7e-m+dp/hard\libc_nano.a(libc_a-getenv_r.o)
 .debug_frame   0x0000038c       0x30 D:/0_Environment/arm-gnu-toolchain-13.3.rel1-mingw-w64-i686-arm-none-eabi/bin/../lib/gcc/arm-none-eabi/13.3.1/thumb/v7e-m+dp/hard\libc_nano.a(libc_a-malloc.o)
 .debug_frame   0x000003bc       0x50 D:/0_Environment/arm-gnu-toolchain-13.3.rel1-mingw-w64-i686-arm-none-eabi/bin/../lib/gcc/arm-none-eabi/13.3.1/thumb/v7e-m+dp/hard\libc_nano.a(libc_a-mallocr.o)
 .debug_frame   0x0000040c       0x30 D:/0_Environment/arm-gnu-toolchain-13.3.rel1-mingw-w64-i686-arm-none-eabi/bin/../lib/gcc/arm-none-eabi/13.3.1/thumb/v7e-m+dp/hard\libc_nano.a(libc_a-mlock.o)
 .debug_frame   0x0000043c       0x64 D:/0_Environment/arm-gnu-toolchain-13.3.rel1-mingw-w64-i686-arm-none-eabi/bin/../lib/gcc/arm-none-eabi/13.3.1/thumb/v7e-m+dp/hard\libc_nano.a(libc_a-strtoul.o)
 .debug_frame   0x000004a0       0x28 D:/0_Environment/arm-gnu-toolchain-13.3.rel1-mingw-w64-i686-arm-none-eabi/bin/../lib/gcc/arm-none-eabi/13.3.1/thumb/v7e-m+dp/hard\libc_nano.a(libc_a-cxa_atexit.o)
 .debug_frame   0x000004c8      0x144 D:/0_Environment/arm-gnu-toolchain-13.3.rel1-mingw-w64-i686-arm-none-eabi/bin/../lib/gcc/arm-none-eabi/13.3.1/thumb/v7e-m+dp/hard\libc_nano.a(libc_a-findfp.o)
 .debug_frame   0x0000060c       0x28 D:/0_Environment/arm-gnu-toolchain-13.3.rel1-mingw-w64-i686-arm-none-eabi/bin/../lib/gcc/arm-none-eabi/13.3.1/thumb/v7e-m+dp/hard\libc_nano.a(libc_a-memcmp.o)
 .debug_frame   0x00000634       0x20 D:/0_Environment/arm-gnu-toolchain-13.3.rel1-mingw-w64-i686-arm-none-eabi/bin/../lib/gcc/arm-none-eabi/13.3.1/thumb/v7e-m+dp/hard\libc_nano.a(libc_a-strchr.o)
 .debug_frame   0x00000654       0x28 D:/0_Environment/arm-gnu-toolchain-13.3.rel1-mingw-w64-i686-arm-none-eabi/bin/../lib/gcc/arm-none-eabi/13.3.1/thumb/v7e-m+dp/hard\libc_nano.a(libc_a-strncmp.o)
 .debug_frame   0x0000067c       0xcc D:/0_Environment/arm-gnu-toolchain-13.3.rel1-mingw-w64-i686-arm-none-eabi/bin/../lib/gcc/arm-none-eabi/13.3.1/thumb/v7e-m+dp/hard\libc_nano.a(libc_a-signal.o)
 .debug_frame   0x00000748       0x38 D:/0_Environment/arm-gnu-toolchain-13.3.rel1-mingw-w64-i686-arm-none-eabi/bin/../lib/gcc/arm-none-eabi/13.3.1/thumb/v7e-m+dp/hard\libc_nano.a(libc_a-reent.o)
 .debug_frame   0x00000780       0x3c D:/0_Environment/arm-gnu-toolchain-13.3.rel1-mingw-w64-i686-arm-none-eabi/bin/../lib/gcc/arm-none-eabi/13.3.1/thumb/v7e-m+dp/hard\libc_nano.a(libc_a-signalr.o)
 .debug_frame   0x000007bc       0x2c D:/0_Environment/arm-gnu-toolchain-13.3.rel1-mingw-w64-i686-arm-none-eabi/bin/../lib/gcc/arm-none-eabi/13.3.1/thumb/v7e-m+dp/hard\libc_nano.a(libc_a-sbrkr.o)
 .debug_frame   0x000007e8       0xb0 D:/0_Environment/arm-gnu-toolchain-13.3.rel1-mingw-w64-i686-arm-none-eabi/bin/../lib/gcc/arm-none-eabi/13.3.1/thumb/v7e-m+dp/hard\libc_nano.a(libc_a-lock.o)
 .debug_frame   0x00000898       0x30 D:/0_Environment/arm-gnu-toolchain-13.3.rel1-mingw-w64-i686-arm-none-eabi/bin/../lib/gcc/arm-none-eabi/13.3.1/thumb/v7e-m+dp/hard\libc_nano.a(libc_a-envlock.o)
 .debug_frame   0x000008c8       0x38 D:/0_Environment/arm-gnu-toolchain-13.3.rel1-mingw-w64-i686-arm-none-eabi/bin/../lib/gcc/arm-none-eabi/13.3.1/thumb/v7e-m+dp/hard\libc_nano.a(libc_a-freer.o)
